src/AgentPage.tsx(1473,9): error TS1005: ')' expected.
src/AgentPage.tsx(1474,7): error TS1109: Expression expected.
src/AgentPage.tsx(1475,5): error TS1109: Expression expected.
src/AgentPage.tsx(1476,3): error TS1109: Expression expected.
